// Jest Snapshot v1, https://goo.gl/fbAQLP

exports[`rux-push-button should render the default push button 1`] = `
<rux-push-button aria-checked="false" role="switch" value="">
  <mock:shadow-root>
    <input class="rux-push-button__input" id="rux-push-button-0" type="checkbox" value="">
    <label class="rux-push-button__button" htmlfor="rux-push-button-0" part="container">
      Push Button
    </label>
    <slot></slot>
  </mock:shadow-root>
</rux-push-button>
`;
